I'm sorry, but errors were detected in your script. Please correct the
errors listed below, and try again.


File "game/hangar.rpy", line 11: expected end of line
    play music quiet moment volume 0.5 loop
                     ^

Ren'Py Version: Ren'Py 8.1.3.23091805
Wed Oct  4 12:06:39 2023
